// Jest Snapshot v1, https://goo.gl/fbAQLP

exports[`Shishiou can move 1`] = `
ban:
(1) 
___________________________
___________________________
___________________________
___________________________
_________1bl_______________
______0aa__________________
0aa0aa___0aa0aa0aa0aa0aa0aa
___0af_______________0ag___
0ab0ac0ad0ae0ah0ae0ad0ac0ab
(0) 
kifu:
☖5三獅子 [0,[5,3,[],[1,"bl"]],[5,1,[1,"bl"],[]]]
☗7六歩 [1,[7,6,[],[0,"aa"]],[7,7,[0,"aa"],[]]]
☖6四獅子 [0,[6,4,[],[1,"bl"]],[5,3,[1,"bl"],[]]]
☖6五獅子 [0,[6,5,[],[1,"bl"]],[6,4,[1,"bl"],[]]]
{
  "version": "0.0",
  "status": {
    "num": 1
  },
  "ruleid": 22,
  "teban": 1,
  "turn": 0,
  "date": {},
  "moving": null
}
`;
