// Jest Snapshot v1, https://goo.gl/fbAQLP

exports[`Donut shogi can cross border 1`] = `
ban:
(1) af1 
0ad________________________
1ab1ac1ad1ae___1ah1ad1ac1ab
___1ag_______________1af___
1aa1aa1aa1aa1aa1aa___1aa1aa
__________________1aa______
___________________________
___________________________
0aa0aa0aa0aa0aa0aa0aa0aa0aa
_____________________0ag___
0ab0ac___0ae0ah0ae0ad0ac0ab
___________________________
(0) ae1 
kifu:
☗8十一銀 [0,[8,11,[],[0,"ad"]],[7,10,[0,"ad"],[]]]
☖3五歩 [1,[3,5,[],[1,"aa"]],[3,4,[1,"aa"],[]]]
☗4二角成 [0,[4,2,[1,"ae"],[0,"am"]],[8,9,[0,"af"],[]],[1,0,"ae"]]
☖同玉 [1,[4,2,[0,"am"],[1,"ah"]],[5,2,[1,"ah"],[]],[1,1,"af"]]
☗9一銀不成 [0,[9,1,[],[0,"ad"]],[8,11,[0,"ad"],[]]]
{
  "version": "0.0",
  "status": {
    "num": 1
  },
  "ruleid": 41,
  "teban": 1,
  "turn": 0,
  "date": {},
  "moving": null
}
`;
