// Jest Snapshot v1, https://goo.gl/fbAQLP

exports[`Volleyball shogi doesn't finish when it's checkmate at the moment 1`] = `
ban:
(1) ad1 
1ab1ac1ad1ae_________1ac1ab
___1ag_________1ae___1af___
1aa1aa1aa1aa1ah1aa___1aa1aa
____________1aa____________
1af________________________
______0aa___0aa____________
0aa0aa0ac0aa___0aa0aa0aa0aa
_____________________0ag___
0ab___0ad0ae0ah0ae0ad0ac0ab
(0) aa1 
kifu:
☗7六歩 [0,[7,6,[],[0,"aa"]],[7,7,[0,"aa"],[]]]
☗3三角不成 [1,[3,3,[1,"aa"],[0,"af"]],[8,8,[0,"af"],[]],[1,0,"aa"]]
☗5六歩 [2,[5,6,[],[0,"aa"]],[5,7,[0,"aa"],[]]]
☖4二銀 [3,[4,2,[],[1,"ad"]],[3,1,[1,"ad"],[]]]
☖5四歩 [4,[5,4,[],[1,"aa"]],[5,3,[1,"aa"],[]]]
☖5二玉 [5,[5,2,[],[1,"ah"]],[5,1,[1,"ah"],[]]]
☗4二角不成 [0,[4,2,[1,"ad"],[0,"af"]],[3,3,[0,"af"],[]],[1,0,"ad"]]
☗5三銀 [1,[5,3,[],[0,"ad"]],[-1,0,"ad"]]
☗7七桂 [2,[7,7,[],[0,"ac"]],[8,9,[0,"ac"],[]]]
☖4二金 [3,[4,2,[0,"af"],[1,"ae"]],[4,1,[1,"ae"],[]],[1,1,"af"]]
☖5三玉 [4,[5,3,[0,"ad"],[1,"ah"]],[5,2,[1,"ah"],[]],[1,1,"ad"]]
☖9五角 [5,[9,5,[],[1,"af"]],[-1,1,"af"]]
{
  "version": "0.0",
  "status": {
    "num": 1
  },
  "ruleid": 75,
  "teban": 0,
  "turn": 0,
  "date": {},
  "moving": null
}
`;
