// Vitest Snapshot v1

exports[`Under water shogi > can move 1`] = `
ban:
(1) 
1ab1ac1ad1ae1ah1ae1ad1ac1ab
___1ag_______________1af___
1aa_____________________1aa
___________________________
___________________________
___________________________
0aa0aa___0aa0aa0aa0aa0aa0aa
_____________________0ag___
0ab0ac0ad0ae0ah0ae0ad0ac0ab
(0) aa1 
kifu:
☗7六歩 [0,[7,6,[],[]],[7,7,[0,"aa"],[]]]
☖2四歩 [1,[2,4,[],[]],[2,3,[1,"aa"],[]]]
☗3三角成 [0,[3,3,[1,"aa"],[0,"am"]],[8,8,[0,"af"],[]],[1,0,"aa"]]
☖8四歩 [1,[8,4,[],[]],[8,3,[1,"aa"],[]],[3,3,[0,"am"],[]],[4,3,[1,"aa"],[]],[5,3,[1,"aa"],[]],[6,3,[1,"aa"],[]],[7,3,[1,"aa"],[]]]
{
  "version": "0.0",
  "status": {
    "num": 1
  },
  "ruleid": 77,
  "teban": 0,
  "turn": 0,
  "date": {},
  "moving": null
}
`;
