// Jest Snapshot v1, https://goo.gl/fbAQLP

exports[`Haimen shogi can play in a row if you can capture with the same piece 1`] = `
ban:
(1) 
___1yp___1yp___1yp___1yp
1yp___0yp___1yp___1yp___
_______________1yp___1yp
1yp_____________________
___0yp__________________
__________________0yp___
___0yp___0yp___0yp___0yp
0yp___0yp___0yp___0yp___
(0) 
kifu:
☗5五ポーン [0,[5,5,[],[0,"yp"]],[4,6,[0,"yp"],[]]]
☖8四ポーン [1,[8,4,[],[1,"yp"]],[7,3,[1,"yp"],[]]]
☗7五ポーン [0,[7,5,[],[0,"yp"]],[8,6,[0,"yp"],[]]]
☖7三ポーン [1,[7,3,[],[1,"yp"]],[6,2,[1,"yp"],[]]]
☗6四ポーン [0,[6,4,[],[0,"yp"]],[5,5,[0,"yp"],[]]]
☖5五ポーン [1,[5,5,[],[1,"yp"]],[7,3,[1,"yp"],[]],[6,4,[0,"yp"],[]]]
☗4四ポーン [0,[4,4,[],[0,"yp"]],[6,6,[0,"yp"],[]],[5,5,[1,"yp"],[]]]
☗6二ポーン [0,[6,2,[],[0,"yp"]],[4,4,[0,"yp"],[]],[5,3,[1,"yp"],[]]]
{
  "version": "0.0",
  "status": {
    "num": 1
  },
  "ruleid": 84,
  "teban": 1,
  "turn": 0,
  "date": {},
  "moving": null
}
`;
